[INFO] Scanning for projects...
[INFO] 
[INFO] --------------------------< com.smart:smart >---------------------------
[INFO] Building smart-carbon 0.0.1-SNAPSHOT
[INFO]   from pom.xml
[INFO] --------------------------------[ jar ]---------------------------------
[INFO] 
[INFO] >>> spring-boot:3.5.4:run (default-cli) > test-compile @ smart >>>
[INFO] 
[INFO] --- resources:3.3.1:resources (default-resources) @ smart ---
[INFO] Copying 1 resource from src\main\resources to target\classes
[INFO] Copying 0 resource from src\main\resources to target\classes
[INFO] 
[INFO] --- compiler:3.14.0:compile (default-compile) @ smart ---
[WARNING]  Parameter 'compilerVersion' (user property 'maven.compiler.compilerVersion') is deprecated: This parameter is no longer evaluated by the underlying compilers, instead the actual version of the javac binary is automatically retrieved.
[INFO] Nothing to compile - all classes are up to date.
[INFO] 
[INFO] --- resources:3.3.1:testResources (default-testResources) @ smart ---
[INFO] skip non existing resourceDirectory D:\develop\project\smart\smart\src\test\resources
[INFO] 
[INFO] --- compiler:3.14.0:testCompile (default-testCompile) @ smart ---
[WARNING]  Parameter 'compilerVersion' (user property 'maven.compiler.compilerVersion') is deprecated: This parameter is no longer evaluated by the underlying compilers, instead the actual version of the javac binary is automatically retrieved.
[INFO] Recompiling the module because of changed source code.
[INFO] Compiling 1 source file with javac [debug parameters release 17] to target\test-classes
[INFO] 
[INFO] <<< spring-boot:3.5.4:run (default-cli) < test-compile @ smart <<<
[INFO] 
[INFO] 
[INFO] --- spring-boot:3.5.4:run (default-cli) @ smart ---
[INFO] Attaching agents: []
Standard Commons Logging discovery in action with spring-jcl: please remove commons-logging.jar from classpath in order to avoid potential conflicts
Standard Commons Logging discovery in action with spring-jcl: please remove commons-logging.jar from classpath in order to avoid potential conflicts

  .   ____          _            __ _ _
 /\\ / ___'_ __ _ _(_)_ __  __ _ \ \ \ \
( ( )\___ | '_ | '_| | '_ \/ _` | \ \ \ \
 \\/  ___)| |_)| | | | | || (_| |  ) ) ) )
  '  |____| .__|_| |_|_| |_\__, | / / / /
 =========|_|==============|___/=/_/_/_/

 :: Spring Boot ::                (v3.5.4)

2026-09-24T22:03:20.232+08:00  INFO 37076 --- [smart-carbon] [  restartedMain] com.smart.SmartApplication               : Starting SmartApplication using Java 23.0.1 with PID 37076 (D:\develop\project\smart\smart\target\classes started by XIAOXIN in D:\develop\project\smart\smart)
2026-09-24T22:03:20.234+08:00  INFO 37076 --- [smart-carbon] [  restartedMain] com.smart.SmartApplication               : No active profile set, falling back to 1 default profile: "default"
2026-09-24T22:03:20.277+08:00  INFO 37076 --- [smart-carbon] [  restartedMain] .e.DevToolsPropertyDefaultsPostProcessor : Devtools property defaults active! Set 'spring.devtools.add-properties' to 'false' to disable
2026-09-24T22:03:20.277+08:00  INFO 37076 --- [smart-carbon] [  restartedMain] .e.DevToolsPropertyDefaultsPostProcessor : For additional web related logging consider setting the 'logging.level.web' property to 'DEBUG'
2026-09-24T22:03:20.890+08:00  INFO 37076 --- [smart-carbon] [  restartedMain] .s.d.r.c.RepositoryConfigurationDelegate : Multiple Spring Data modules found, entering strict repository configuration mode
2026-09-24T22:03:20.891+08:00  INFO 37076 --- [smart-carbon] [  restartedMain] .s.d.r.c.RepositoryConfigurationDelegate : Bootstrapping Spring Data Redis repositories in DEFAULT mode.
2026-09-24T22:03:20.918+08:00  INFO 37076 --- [smart-carbon] [  restartedMain] .s.d.r.c.RepositoryConfigurationDelegate : Finished Spring Data repository scanning in 16 ms. Found 0 Redis repository interfaces.
2026-09-24T22:03:21.363+08:00  INFO 37076 --- [smart-carbon] [  restartedMain] o.s.b.w.embedded.tomcat.TomcatWebServer  : Tomcat initialized with port 8080 (http)
2026-09-24T22:03:21.375+08:00  INFO 37076 --- [smart-carbon] [  restartedMain] o.apache.catalina.core.StandardService   : Starting service [Tomcat]
2026-09-24T22:03:21.376+08:00  INFO 37076 --- [smart-carbon] [  restartedMain] o.apache.catalina.core.StandardEngine    : Starting Servlet engine: [Apache Tomcat/10.1.43]
2026-09-24T22:03:21.407+08:00  INFO 37076 --- [smart-carbon] [  restartedMain] o.a.c.c.C.[Tomcat].[localhost].[/]       : Initializing Spring embedded WebApplicationContext
2026-09-24T22:03:21.407+08:00  INFO 37076 --- [smart-carbon] [  restartedMain] w.s.c.ServletWebServerApplicationContext : Root WebApplicationContext: initialization completed in 1130 ms
Standard Commons Logging discovery in action with spring-jcl: please remove commons-logging.jar from classpath in order to avoid potential conflicts
Logging initialized using 'class org.apache.ibatis.logging.stdout.StdOutImpl' adapter.
Get /10.66.146.113 network interface 
Get network interface info: name:wireless_32768 (Realtek RTL8852BE WiFi 6 802.11ax PCIe Adapter)
Initialization Sequence datacenterId:21 workerId:12
____ ____    ___ ____ _  _ ____ _  _ 
[__  |__| __  |  |  | |_/  |___ |\ | 
___] |  |     |  |__| | \_ |___ | \| 
https://sa-token.cc (v1.39.0)
2026-09-24T22:03:22.535+08:00  INFO 37076 --- [smart-carbon] [  restartedMain] o.s.b.d.a.OptionalLiveReloadServer       : LiveReload server is running on port 35729
2026-09-24T22:03:22.578+08:00  INFO 37076 --- [smart-carbon] [  restartedMain] o.s.b.w.embedded.tomcat.TomcatWebServer  : Tomcat started on port 8080 (http) with context path '/'
2026-09-24T22:03:22.589+08:00  INFO 37076 --- [smart-carbon] [  restartedMain] com.smart.SmartApplication               : Started SmartApplication in 2.651 seconds (process running for 3.021)
2026-09-24T22:03:39.107+08:00  INFO 37076 --- [smart-carbon] [nio-8080-exec-1] o.a.c.c.C.[Tomcat].[localhost].[/]       : Initializing Spring DispatcherServlet 'dispatcherServlet'
2026-09-24T22:03:39.107+08:00  INFO 37076 --- [smart-carbon] [nio-8080-exec-1] o.s.web.servlet.DispatcherServlet        : Initializing Servlet 'dispatcherServlet'
2026-09-24T22:03:39.108+08:00  INFO 37076 --- [smart-carbon] [nio-8080-exec-1] o.s.web.servlet.DispatcherServlet        : Completed initialization in 1 ms
[INFO] ------------------------------------------------------------------------
[INFO] BUILD FAILURE
[INFO] ------------------------------------------------------------------------
[INFO] Total time:  01:09 min
[INFO] Finished at: 2026-09-24T22:04:25+08:00
[INFO] ------------------------------------------------------------------------
[ERROR] Failed to execute goal org.springframework.boot:spring-boot-maven-plugin:3.5.4:run (default-cli) on project smart: Process terminated with exit code: 1 -> [Help 1]
[ERROR] 
[ERROR] To see the full stack trace of the errors, re-run Maven with the -e switch.
[ERROR] Re-run Maven using the -X switch to enable full debug logging.
[ERROR] 
[ERROR] For more information about the errors and possible solutions, please read the following articles:
[ERROR] [Help 1] http://cwiki.apache.org/confluence/display/MAVEN/MojoExecutionException
